Task ID: PROJECT_OVERVIEW_20260602
Execution Timestamp: 2026-06-02T19:58:00Z
Exit Code: 0
============================================================
STDOUT:
============================================================
Maneki-AI Engine: Executing core automated protocols...
[worker] 正在执行任务：将 Maneki-AI 完整愿景写入项目说明书
[worker] 读取源文件：
  - docs/PROJECT_OVERVIEW.md (原始版本)
  - docs/WEB_ARCHITECTURE.md
  - README.md
  - workshop/factory_integration_map.json
  - workshop/ecc_core.py
  - workshop/openclaw_core.py
  - .clinerules
  - commands.json
  - run_task.py
  - app.py
  - factory_ui.py
  - github_issue.py
  - start_factory.py
  - core/api_gateway.py
  - core/task_listener.py
  - agents/orchestrator.py
  - agent_engine/bridge.py
[worker] 整合内容：
  - 核心愿景与使命
  - 极简作业指南（面向用户操作协议 + 机器执行规则）
  - 双平面系统架构（Render Cloud + Local Factory）
  - 角色职能（ECC/OpenClaw/Agent-S 三一体）
  - 标准作业流程（9步完整执行流程）
  - 核心引擎组件详解
  - 六组件工厂集成架构 + 依赖映射图
  - 多模型 AI 编排策略（三阶段协作 + 反馈循环）
  - 扩展模块说明
  - 完整项目结构树
  - 快速开始指南
  - 开发路线图
[worker] 输出文件：docs/PROJECT_OVERVIEW.md
[worker] 文件大小：约 25KB，12 个章节，完整覆盖项目全貌
[worker] All protocols verified. System nominal.
============================================================
STDERR:
============================================================
(no stderr)
